../Core/Src/Base_Position.c:46:14:pid_compute	24	static
../Core/Src/Base_Position.c:54:15:clamp_cmd	16	static
../Core/Src/Base_Position.c:67:6:Pos_Init	8	static
../Core/Src/Base_Position.c:78:6:Pos_MoveDistance	56	static
../Core/Src/Base_Position.c:117:6:Pos_TurnAngle	16	static
../Core/Src/Base_Position.c:133:5:Pos_Update	176	static
../Core/Src/Base_Position.c:339:6:Pos_Abort	8	static
../Core/Src/Base_Position.c:345:6:Pos_GetDebug	24	static
../Core/Src/Base_Position.c:353:6:Pos_GetErrors	48	static
