../Core/Src/main.c:74:13:App_SendHeartbeat	1
../Core/Src/main.c:85:5:main	2
../Core/Src/main.c:168:6:SystemClock_Config	3
../Core/Src/main.c:214:13:MX_ADC1_Init	3
../Core/Src/main.c:266:13:MX_I2C1_Init	2
../Core/Src/main.c:300:13:MX_I2C3_Init	2
../Core/Src/main.c:334:13:MX_SPI3_Init	2
../Core/Src/main.c:372:13:MX_TIM1_Init	4
../Core/Src/main.c:418:13:MX_USART1_UART_Init	2
../Core/Src/main.c:451:13:MX_USART2_UART_Init	2
../Core/Src/main.c:484:13:MX_GPIO_Init	1
../Core/Src/main.c:565:6:Error_Handler	1
