../Core/Src/main.c:188:13:App_Print	5
../Core/Src/main.c:206:13:App_SendHeartbeat	1
../Core/Src/main.c:215:13:App_Servos_Init	1
../Core/Src/main.c:251:13:App_ServoMoveR	1
../Core/Src/main.c:260:13:App_ServoMoveL	2
../Core/Src/main.c:272:13:App_DispatchPacket	19
../Core/Src/main.c:351:13:App_ParseByte_Packet	12
../Core/Src/main.c:381:13:App_PrintMenu	1
../Core/Src/main.c:401:13:App_ExitMotor	2
../Core/Src/main.c:415:13:App_HandleR	7
../Core/Src/main.c:437:13:App_HandleL	8
../Core/Src/main.c:469:13:App_ParseByte_ASCII	21
../Core/Src/main.c:521:13:App_RouteByte	6
../Core/Src/main.c:554:13:App_ProcessUSB	3
../Core/Src/main.c:569:13:App_PrintStatus	8
../Core/Src/main.c:607:5:main	8
../Core/Src/main.c:676:6:CDC_Receive_CallBack	5
../Core/Src/main.c:690:6:HAL_GPIO_EXTI_Callback	4
../Core/Src/main.c:723:6:HAL_TIM_PeriodElapsedCallback	1
../Core/Src/main.c:731:6:SystemClock_Config	4
../Core/Src/main.c:760:13:MX_ADC1_Init	3
../Core/Src/main.c:777:13:MX_SPI1_Init	2
../Core/Src/main.c:794:13:MX_TIM1_Init	4
../Core/Src/main.c:813:13:MX_TIM2_Init	9
../Core/Src/main.c:842:13:MX_TIM3_Init	4
../Core/Src/main.c:860:13:MX_GPIO_Init	1
../Core/Src/main.c:907:6:Error_Handler	1
