../Core/Src/NRF24.c:18:6:csn_high	8	static
../Core/Src/NRF24.c:22:6:csn_low	8	static
../Core/Src/NRF24.c:26:6:ce_high	8	static
../Core/Src/NRF24.c:30:6:ce_low	8	static
../Core/Src/NRF24.c:34:6:nrf24_w_reg	24	static
../Core/Src/NRF24.c:46:9:nrf24_r_reg	24	static
../Core/Src/NRF24.c:60:6:nrf24_w_spec_cmd	16	static
../Core/Src/NRF24.c:64:6:nrf24_w_spec_reg	16	static
../Core/Src/NRF24.c:68:6:nrf24_r_spec_reg	16	static
../Core/Src/NRF24.c:72:6:nrf24_pwr_up	16	static
../Core/Src/NRF24.c:82:6:nrf24_pwr_dwn	16	static
../Core/Src/NRF24.c:92:6:nrf24_tx_pwr	24	static
../Core/Src/NRF24.c:104:6:nrf24_data_rate	24	static
../Core/Src/NRF24.c:120:6:nrf24_set_channel	16	static
../Core/Src/NRF24.c:124:6:nrf24_open_tx_pipe	16	static
../Core/Src/NRF24.c:128:6:nrf24_pipe_pld_size	16	static
../Core/Src/NRF24.c:161:6:nrf24_open_rx_pipe	24	static
../Core/Src/NRF24.c:203:6:nrf24_cls_rx_pipe	24	static
../Core/Src/NRF24.c:211:6:nrf24_set_crc	24	static
../Core/Src/NRF24.c:221:6:nrf24_set_addr_width	16	static
../Core/Src/NRF24.c:226:6:nrf24_flush_tx	8	static
../Core/Src/NRF24.c:232:6:nrf24_flush_rx	8	static
../Core/Src/NRF24.c:238:9:nrf24_r_status	24	static
../Core/Src/NRF24.c:249:6:nrf24_clear_rx_dr	16	static
../Core/Src/NRF24.c:259:6:nrf24_clear_tx_ds	16	static
../Core/Src/NRF24.c:269:6:nrf24_clear_max_rt	16	static
../Core/Src/NRF24.c:279:9:nrf24_read_bit	16	static
../Core/Src/NRF24.c:288:6:nrf24_set_bit	24	static
../Core/Src/NRF24.c:302:9:nrf24_r_pld_wid	16	static
../Core/Src/NRF24.c:313:6:nrf24_listen	16	static
../Core/Src/NRF24.c:325:6:nrf24_stop_listen	16	static
../Core/Src/NRF24.c:335:6:nrf24_dpl	24	static
../Core/Src/NRF24.c:347:6:nrf24_set_rx_dpl	24	static
../Core/Src/NRF24.c:364:6:nrf24_auto_ack	24	static
../Core/Src/NRF24.c:381:6:nrf24_auto_ack_all	24	static
../Core/Src/NRF24.c:393:6:nrf24_en_ack_pld	24	static
../Core/Src/NRF24.c:405:6:nrf24_en_dyn_ack	24	static
../Core/Src/NRF24.c:417:6:nrf24_auto_retr_delay	24	static
../Core/Src/NRF24.c:427:6:nrf24_auto_retr_limit	24	static
../Core/Src/NRF24.c:437:6:nrf24_type_to_uint8_t	32	static
../Core/Src/NRF24.c:443:8:nrf24_uint8_t_to_type	24	static
../Core/Src/NRF24.c:454:9:nrf24_transmit	24	static
../Core/Src/NRF24.c:478:9:nrf24_transmit_no_ack	24	static
../Core/Src/NRF24.c:502:6:nrf24_transmit_rx_ack_pld	24	static
../Core/Src/NRF24.c:517:9:nrf24_carrier_detect	8	static
../Core/Src/NRF24.c:521:9:nrf24_data_available	16	static
../Core/Src/NRF24.c:532:6:nrf24_receive	24	static
../Core/Src/NRF24.c:545:6:delay_us	24	static
../Core/Src/NRF24.c:553:6:nrf24_start_const_carrier	4	static
../Core/Src/NRF24.c:557:6:nrf24_stop_const_carrier	4	static
../Core/Src/NRF24.c:561:6:nrf24_defaults	16	static
../Core/Src/NRF24.c:593:6:nrf24_init	8	static
