../Core/Src/stepper.c:14:6:Stepper_Init	16	static
../Core/Src/stepper.c:26:6:Stepper_Enable	8	static
../Core/Src/stepper.c:33:6:Stepper_Disable	8	static
../Core/Src/stepper.c:39:6:Stepper_SetDirection	16	static
../Core/Src/stepper.c:57:6:Stepper_MoveSteps	16	static
../Core/Src/stepper.c:79:6:Stepper_MoveDegs	24	static
../Core/Src/stepper.c:87:14:Stepper_GetState	4	static
../Core/Src/stepper.c:94:6:Stepper_MoveContinuous	16	static
../Core/Src/stepper.c:110:6:Stepper_Stop	8	static
../Core/Src/stepper.c:122:6:Stepper_TIM_Callback	16	static
