20:36:29 **** Incremental Build of configuration Debug for project Multiplexer_Test ****
make -j16 all 
arm-none-eabi-gcc "../Core/Src/vl53l0.c" -mcpu=cortex-m4 -std=gnu11 -g3 -DDEBUG -DUSE_HAL_DRIVER -DSTM32F401xC -c -I../Core/Inc -I../Drivers/STM32F4xx_HAL_Driver/Inc -I../Drivers/STM32F4xx_HAL_Driver/Inc/Legacy -I../Drivers/CMSIS/Device/ST/STM32F4xx/Include -I../Drivers/CMSIS/Include -O0 -ffunction-sections -fdata-sections -Wall -fstack-usage -fcyclomatic-complexity -MMD -MP -MF"Core/Src/vl53l0.d" -MT"Core/Src/vl53l0.o" --specs=nano.specs -mfpu=fpv4-sp-d16 -mfloat-abi=hard -mthumb -o "Core/Src/vl53l0.o"
arm-none-eabi-gcc -o "Multiplexer_Test.elf" @"objects.list"   -mcpu=cortex-m4 -T"E:\ASU\Junior Mechatronics 2nd Semester\MCT344s_ Mechatronic Systems Design\Project\stepper_driver_test1\Multiplexer_Test\STM32F401RCTX_FLASH.ld" --specs=nosys.specs -Wl,-Map="Multiplexer_Test.map" -Wl,--gc-sections -static --specs=nano.specs -mfpu=fpv4-sp-d16 -mfloat-abi=hard -mthumb -Wl,--start-group -lc -lm -Wl,--end-group
Finished building target: Multiplexer_Test.elf
 
arm-none-eabi-size  Multiplexer_Test.elf 
arm-none-eabi-objdump -h -S Multiplexer_Test.elf  > "Multiplexer_Test.list"
   text	   data	    bss	    dec	    hex	filename
  24092	    104	   3392	  27588	   6bc4	Multiplexer_Test.elf
Finished building: default.size.stdout
 
Finished building: Multiplexer_Test.list
 

20:36:33 Build Finished. 0 errors, 0 warnings. (took 3s.373ms)

