../Core/Src/stepper.c:14:6:Stepper_Init	16	static
../Core/Src/stepper.c:27:6:Stepper_Enable	8	static
../Core/Src/stepper.c:34:6:Stepper_Disable	8	static
../Core/Src/stepper.c:40:6:Stepper_SetDirection	16	static
../Core/Src/stepper.c:58:6:Stepper_MoveSteps	16	static
../Core/Src/stepper.c:80:6:Stepper_MoveDegs	24	static
../Core/Src/stepper.c:88:14:Stepper_GetState	4	static
../Core/Src/stepper.c:95:6:Stepper_MoveContinuous	16	static
../Core/Src/stepper.c:111:6:Stepper_Stop	8	static
../Core/Src/stepper.c:123:6:Stepper_TIM_Callback	16	static
