../Core/Src/main.c:92:6:USB_Print	16	static
../Core/Src/main.c:102:5:main	176	static
../Core/Src/main.c:320:6:SystemClock_Config	88	static
../Core/Src/main.c:366:13:MX_ADC1_Init	24	static
../Core/Src/main.c:418:13:MX_I2C1_Init	8	static
../Core/Src/main.c:452:13:MX_SPI2_Init	8	static
../Core/Src/main.c:490:13:MX_SPI3_Init	8	static
../Core/Src/main.c:528:13:MX_TIM1_Init	32	static
../Core/Src/main.c:574:13:MX_USART1_UART_Init	8	static
../Core/Src/main.c:607:13:MX_USART2_UART_Init	8	static
../Core/Src/main.c:640:13:MX_GPIO_Init	48	static
../Core/Src/main.c:710:6:Error_Handler	4	static,ignoring_inline_asm
