../Core/Src/NRF24.c:19:6:csn_high	8	static
../Core/Src/NRF24.c:23:6:csn_low	8	static
../Core/Src/NRF24.c:27:6:ce_high	8	static
../Core/Src/NRF24.c:31:6:ce_low	8	static
../Core/Src/NRF24.c:35:6:nrf24_w_reg	24	static
../Core/Src/NRF24.c:47:9:nrf24_r_reg	24	static
../Core/Src/NRF24.c:61:6:nrf24_w_spec_cmd	16	static
../Core/Src/NRF24.c:65:6:nrf24_w_spec_reg	16	static
../Core/Src/NRF24.c:69:6:nrf24_r_spec_reg	16	static
../Core/Src/NRF24.c:73:6:nrf24_pwr_up	16	static
../Core/Src/NRF24.c:83:6:nrf24_pwr_dwn	16	static
../Core/Src/NRF24.c:93:6:nrf24_tx_pwr	24	static
../Core/Src/NRF24.c:105:6:nrf24_data_rate	24	static
../Core/Src/NRF24.c:121:6:nrf24_set_channel	16	static
../Core/Src/NRF24.c:125:6:nrf24_open_tx_pipe	16	static
../Core/Src/NRF24.c:129:6:nrf24_pipe_pld_size	16	static
../Core/Src/NRF24.c:162:6:nrf24_open_rx_pipe	24	static
../Core/Src/NRF24.c:204:6:nrf24_cls_rx_pipe	24	static
../Core/Src/NRF24.c:212:6:nrf24_set_crc	24	static
../Core/Src/NRF24.c:222:6:nrf24_set_addr_width	16	static
../Core/Src/NRF24.c:227:6:nrf24_flush_tx	8	static
../Core/Src/NRF24.c:233:6:nrf24_flush_rx	8	static
../Core/Src/NRF24.c:239:9:nrf24_r_status	24	static
../Core/Src/NRF24.c:250:6:nrf24_clear_rx_dr	16	static
../Core/Src/NRF24.c:260:6:nrf24_clear_tx_ds	16	static
../Core/Src/NRF24.c:270:6:nrf24_clear_max_rt	16	static
../Core/Src/NRF24.c:280:9:nrf24_read_bit	16	static
../Core/Src/NRF24.c:289:6:nrf24_set_bit	24	static
../Core/Src/NRF24.c:303:9:nrf24_r_pld_wid	16	static
../Core/Src/NRF24.c:314:6:nrf24_listen	16	static
../Core/Src/NRF24.c:326:6:nrf24_stop_listen	16	static
../Core/Src/NRF24.c:336:6:nrf24_dpl	24	static
../Core/Src/NRF24.c:348:6:nrf24_set_rx_dpl	24	static
../Core/Src/NRF24.c:365:6:nrf24_auto_ack	24	static
../Core/Src/NRF24.c:382:6:nrf24_auto_ack_all	24	static
../Core/Src/NRF24.c:394:6:nrf24_en_ack_pld	24	static
../Core/Src/NRF24.c:406:6:nrf24_en_dyn_ack	24	static
../Core/Src/NRF24.c:418:6:nrf24_auto_retr_delay	24	static
../Core/Src/NRF24.c:428:6:nrf24_auto_retr_limit	24	static
../Core/Src/NRF24.c:438:6:nrf24_type_to_uint8_t	32	static
../Core/Src/NRF24.c:444:8:nrf24_uint8_t_to_type	24	static
../Core/Src/NRF24.c:455:9:nrf24_transmit	24	static
../Core/Src/NRF24.c:479:9:nrf24_transmit_no_ack	24	static
../Core/Src/NRF24.c:503:6:nrf24_transmit_rx_ack_pld	24	static
../Core/Src/NRF24.c:518:9:nrf24_carrier_detect	8	static
../Core/Src/NRF24.c:522:9:nrf24_data_available	16	static
../Core/Src/NRF24.c:533:6:nrf24_receive	24	static
../Core/Src/NRF24.c:546:6:delay_us	24	static
../Core/Src/NRF24.c:554:6:nrf24_start_const_carrier	4	static
../Core/Src/NRF24.c:558:6:nrf24_stop_const_carrier	4	static
../Core/Src/NRF24.c:562:6:nrf24_defaults	16	static
../Core/Src/NRF24.c:594:6:nrf24_init	8	static
